src/app/curation/page.tsx(10,10): error TS2440: Import declaration conflicts with local declaration of 'uploadImageToSupabase'.
src/app/curation/page.tsx(12,10): error TS2440: Import declaration conflicts with local declaration of 'BottomSheet'.
src/app/curation/page.tsx(12,23): error TS2440: Import declaration conflicts with local declaration of 'ImagePicker'.
src/app/curation/page.tsx(12,36): error TS2440: Import declaration conflicts with local declaration of 'QuickPasteInput'.
src/app/curation/page.tsx(45,22): error TS2304: Cannot find name 'useRef'.
src/app/curation/page.tsx(84,214): error TS2304: Cannot find name 'X'.
src/app/curation/page.tsx(85,243): error TS2304: Cannot find name 'Camera'.
src/app/curation/page.tsx(90,210): error TS2304: Cannot find name 'Camera'.
src/app/curation/page.tsx(95,213): error TS2607: JSX element class does not support attributes because it does not have a 'props' property.
src/app/curation/page.tsx(95,214): error TS2786: 'Clipboard' cannot be used as a JSX component.
  Its type '{ new (): Clipboard; prototype: Clipboard; }' is not a valid JSX element type.
    Type '{ new (): Clipboard; prototype: Clipboard; }' is not assignable to type 'new (props: any, context: any) => Component<any, any, any>'.
      Type 'Clipboard' is missing the following properties from type 'Component<any, any, any>': context, setState, forceUpdate, render, and 2 more.
src/app/curation/page.tsx(132,127): error TS2304: Cannot find name 'INPUT_CLASS'.
src/app/curation/page.tsx(134,17): error TS2607: JSX element class does not support attributes because it does not have a 'props' property.
src/app/curation/page.tsx(134,18): error TS2786: 'Clipboard' cannot be used as a JSX component.
  Its type '{ new (): Clipboard; prototype: Clipboard; }' is not a valid JSX element type.
    Type '{ new (): Clipboard; prototype: Clipboard; }' is not assignable to type 'new (props: any, context: any) => Component<any, any, any>'.
      Type 'Clipboard' is missing the following properties from type 'Component<any, any, any>': context, setState, forceUpdate, render, and 2 more.
src/app/curation/page.tsx(141,23): error TS2304: Cannot find name 'useRef'.
src/app/curation/page.tsx(141,48): error TS2552: Cannot find name 'useEditor'. Did you mean 'editor'?
src/app/curation/page.tsx(143,20): error TS2552: Cannot find name 'useEditor'. Did you mean 'editor'?
src/app/curation/page.tsx(145,13): error TS2304: Cannot find name 'StarterKit'.
src/app/curation/page.tsx(146,13): error TS2304: Cannot find name 'TiptapImage'.
src/app/curation/page.tsx(150,22): error TS7031: Binding element 'editor' implicitly has an 'any' type.
src/app/curation/page.tsx(153,27): error TS7006: Parameter '_view' implicitly has an 'any' type.
src/app/curation/page.tsx(153,34): error TS7006: Parameter 'event' implicitly has an 'any' type.
src/app/curation/page.tsx(195,14): error TS2304: Cannot find name 'EditorContent'.
src/app/curation/page.tsx(198,17): error TS2607: JSX element class does not support attributes because it does not have a 'props' property.
src/app/curation/page.tsx(198,18): error TS2786: 'Clipboard' cannot be used as a JSX component.
  Its type '{ new (): Clipboard; prototype: Clipboard; }' is not a valid JSX element type.
    Type '{ new (): Clipboard; prototype: Clipboard; }' is not assignable to type 'new (props: any, context: any) => Component<any, any, any>'.
      Type 'Clipboard' is missing the following properties from type 'Component<any, any, any>': context, setState, forceUpdate, render, and 2 more.
